../Core/Src/main.c:84:5:main	16	static
../Core/Src/main.c:149:6:SystemClock_Config	72	static
../Core/Src/main.c:186:13:MX_TIM1_Init	32	static
../Core/Src/main.c:232:13:MX_USART1_UART_Init	8	static
../Core/Src/main.c:265:13:MX_GPIO_Init	32	static
../Core/Src/main.c:296:6:timerIT	16	static
../Core/Src/main.c:303:6:setStatus	8	static
../Core/Src/main.c:346:6:setAllRed	8	static
../Core/Src/main.c:352:6:setCarRed	8	static
../Core/Src/main.c:358:6:setCarYellow	8	static
../Core/Src/main.c:364:6:setCarGreen	8	static
../Core/Src/main.c:370:6:setStrob	16	static
../Core/Src/main.c:403:6:Error_Handler	4	static,ignoring_inline_asm
