../Core/Src/main.c:89:5:main	8	static
../Core/Src/main.c:161:6:SystemClock_Config	72	static
../Core/Src/main.c:198:13:MX_TIM1_Init	32	static
../Core/Src/main.c:244:13:MX_USART1_UART_Init	8	static
../Core/Src/main.c:277:13:MX_GPIO_Init	32	static
../Core/Src/main.c:323:6:setIntBufer	24	static
../Core/Src/main.c:347:6:timerIT	64	static
../Core/Src/main.c:404:6:uartIT	8	static
../Core/Src/main.c:417:6:peopleBtnClick	24	static
../Core/Src/main.c:428:6:setStatus	8	static
../Core/Src/main.c:471:6:setAllRed	8	static
../Core/Src/main.c:477:6:setCarRed	8	static
../Core/Src/main.c:483:6:setCarYellow	8	static
../Core/Src/main.c:489:6:setCarGreen	8	static
../Core/Src/main.c:495:6:setStrob	16	static
../Core/Src/main.c:528:6:Error_Handler	4	static,ignoring_inline_asm
